hooks/use-toast.test.ts(3,25): error TS5097: An import path can only end with a '.ts' extension when 'allowImportingTsExtensions' is enabled.
lib/validations/jobseeker-registration.test.ts(3,36): error TS5097: An import path can only end with a '.ts' extension when 'allowImportingTsExtensions' is enabled.
lib/validations/jobseeker-registration.test.ts(60,30): error TS2339: Property 'errors' does not exist on type 'ZodError<{ surname: string; firstName: string; dateOfBirth: string; sex: "MALE" | "FEMALE"; civilStatus: "SINGLE" | "MARRIED" | "WIDOWED" | "SEPARATED"; address: { houseStreet?: string | undefined; barangay?: string | undefined; city?: string | undefined; province?: string | undefined; }; ... 8 more ...; email?: str...'.
lib/validations/jobseeker-registration.test.ts(60,43): error TS7006: Parameter 'e' implicitly has an 'any' type.
lib/validations/jobseeker-registration.test.ts(69,30): error TS2339: Property 'errors' does not exist on type 'ZodError<{ surname: string; firstName: string; dateOfBirth: string; sex: "MALE" | "FEMALE"; civilStatus: "SINGLE" | "MARRIED" | "WIDOWED" | "SEPARATED"; address: { houseStreet?: string | undefined; barangay?: string | undefined; city?: string | undefined; province?: string | undefined; }; ... 8 more ...; email?: str...'.
lib/validations/jobseeker-registration.test.ts(69,43): error TS7006: Parameter 'e' implicitly has an 'any' type.
lib/validations/jobseeker-registration.test.ts(78,30): error TS2339: Property 'errors' does not exist on type 'ZodError<{ surname: string; firstName: string; dateOfBirth: string; sex: "MALE" | "FEMALE"; civilStatus: "SINGLE" | "MARRIED" | "WIDOWED" | "SEPARATED"; address: { houseStreet?: string | undefined; barangay?: string | undefined; city?: string | undefined; province?: string | undefined; }; ... 8 more ...; email?: str...'.
lib/validations/jobseeker-registration.test.ts(78,43): error TS7006: Parameter 'e' implicitly has an 'any' type.
lib/validations/jobseeker-registration.test.ts(87,30): error TS2339: Property 'errors' does not exist on type 'ZodError<{ surname: string; firstName: string; dateOfBirth: string; sex: "MALE" | "FEMALE"; civilStatus: "SINGLE" | "MARRIED" | "WIDOWED" | "SEPARATED"; address: { houseStreet?: string | undefined; barangay?: string | undefined; city?: string | undefined; province?: string | undefined; }; ... 8 more ...; email?: str...'.
lib/validations/jobseeker-registration.test.ts(87,43): error TS7006: Parameter 'e' implicitly has an 'any' type.
lib/validations/jobseeker-registration.test.ts(96,30): error TS2339: Property 'errors' does not exist on type 'ZodError<{ surname: string; firstName: string; dateOfBirth: string; sex: "MALE" | "FEMALE"; civilStatus: "SINGLE" | "MARRIED" | "WIDOWED" | "SEPARATED"; address: { houseStreet?: string | undefined; barangay?: string | undefined; city?: string | undefined; province?: string | undefined; }; ... 8 more ...; email?: str...'.
lib/validations/jobseeker-registration.test.ts(96,43): error TS7006: Parameter 'e' implicitly has an 'any' type.
lib/validations/jobseeker-registration.test.ts(123,30): error TS2339: Property 'errors' does not exist on type 'ZodError<{ surname: string; firstName: string; dateOfBirth: string; sex: "MALE" | "FEMALE"; civilStatus: "SINGLE" | "MARRIED" | "WIDOWED" | "SEPARATED"; address: { houseStreet?: string | undefined; barangay?: string | undefined; city?: string | undefined; province?: string | undefined; }; ... 8 more ...; email?: str...'.
lib/validations/jobseeker-registration.test.ts(123,43): error TS7006: Parameter 'e' implicitly has an 'any' type.
